// Jest Snapshot v1, https://goo.gl/fbAQLP

exports[`Button renderes correctly with react-test-renderer 1`] = `
<button
  onClick={[Function]}
>
  ON
</button>
`;
